power throttling disabled: True
Loading weights:   0%|          | 0/148 [00:00<?, ?it/s]Loading weights:  14%|#4        | 21/148 [00:00<00:00, 207.35it/s]Loading weights:  28%|##8       | 42/148 [00:01<00:03, 28.37it/s] Loading weights: 100%|##########| 148/148 [00:01<00:00, 113.84it/s]
FP32: perplexity 32.2379 (44 s)
module  0 transformer.h.0.attn.c_attn 2-bit: perplexity 34.7623 (42 s)
module  0 transformer.h.0.attn.c_attn 3-bit: perplexity 32.4691 (43 s)
module  0 transformer.h.0.attn.c_attn 4-bit: perplexity 32.2828 (47 s)
module  0 transformer.h.0.attn.c_attn 6-bit: perplexity 32.2441 (40 s)
module  0 transformer.h.0.attn.c_attn 8-bit: perplexity 32.2340 (37 s)
module  1 transformer.h.0.attn.c_proj 2-bit: perplexity 32.5185 (37 s)
module  1 transformer.h.0.attn.c_proj 3-bit: perplexity 32.3116 (36 s)
module  1 transformer.h.0.attn.c_proj 4-bit: perplexity 32.2262 (37 s)
module  1 transformer.h.0.attn.c_proj 6-bit: perplexity 32.2306 (37 s)
module  1 transformer.h.0.attn.c_proj 8-bit: perplexity 32.2372 (37 s)
module  2 transformer.h.0.mlp.c_fc 2-bit: perplexity 40.4910 (37 s)
module  2 transformer.h.0.mlp.c_fc 3-bit: perplexity 32.6798 (38 s)
module  2 transformer.h.0.mlp.c_fc 4-bit: perplexity 32.2932 (37 s)
module  2 transformer.h.0.mlp.c_fc 6-bit: perplexity 32.2221 (38 s)
module  2 transformer.h.0.mlp.c_fc 8-bit: perplexity 32.2332 (38 s)
module  3 transformer.h.0.mlp.c_proj 2-bit: perplexity 380.9939 (38 s)
module  3 transformer.h.0.mlp.c_proj 3-bit: perplexity 32.7006 (38 s)
module  3 transformer.h.0.mlp.c_proj 4-bit: perplexity 32.2347 (38 s)
module  3 transformer.h.0.mlp.c_proj 6-bit: perplexity 32.2503 (38 s)
module  3 transformer.h.0.mlp.c_proj 8-bit: perplexity 32.2425 (38 s)
module  4 transformer.h.1.attn.c_attn 2-bit: perplexity 36.8303 (38 s)
module  4 transformer.h.1.attn.c_attn 3-bit: perplexity 32.5698 (38 s)
module  4 transformer.h.1.attn.c_attn 4-bit: perplexity 32.3482 (38 s)
power throttling disabled: True
sleep blocked: True
Loading weights:   0%|          | 0/148 [00:00<?, ?it/s]Loading weights:  11%|█         | 16/148 [00:00<00:01, 115.31it/s]Loading weights:  19%|█▉        | 28/148 [00:00<00:01, 108.49it/s]Loading weights:  26%|██▋       | 39/148 [00:00<00:01, 85.67it/s] Loading weights:  32%|███▏      | 48/148 [00:00<00:01, 80.12it/s]Loading weights:  39%|███▊      | 57/148 [00:02<00:07, 12.31it/s]Loading weights: 100%|██████████| 148/148 [00:02<00:00, 55.19it/s]
module  4 transformer.h.1.attn.c_attn 6-bit: perplexity 32.2472 (64 s)
module  4 transformer.h.1.attn.c_attn 8-bit: perplexity 32.2427 (52 s)
module  5 transformer.h.1.attn.c_proj 2-bit: perplexity 32.8986 (49 s)
module  5 transformer.h.1.attn.c_proj 3-bit: perplexity 32.3725 (54 s)
module  5 transformer.h.1.attn.c_proj 4-bit: perplexity 32.2742 (56 s)
module  5 transformer.h.1.attn.c_proj 6-bit: perplexity 32.2432 (63 s)
module  5 transformer.h.1.attn.c_proj 8-bit: perplexity 32.2368 (61 s)
module  6 transformer.h.1.mlp.c_fc 2-bit: perplexity 41.5915 (58 s)
module  6 transformer.h.1.mlp.c_fc 3-bit: perplexity 32.5324 (53 s)
module  6 transformer.h.1.mlp.c_fc 4-bit: perplexity 32.3286 (55 s)
module  6 transformer.h.1.mlp.c_fc 6-bit: perplexity 32.2649 (53 s)
module  6 transformer.h.1.mlp.c_fc 8-bit: perplexity 32.2404 (53 s)
module  7 transformer.h.1.mlp.c_proj 2-bit: perplexity 52.6777 (56 s)
module  7 transformer.h.1.mlp.c_proj 3-bit: perplexity 32.8059 (56 s)
module  7 transformer.h.1.mlp.c_proj 4-bit: perplexity 32.4078 (53 s)
module  7 transformer.h.1.mlp.c_proj 6-bit: perplexity 32.2495 (50 s)
module  7 transformer.h.1.mlp.c_proj 8-bit: perplexity 32.2410 (46 s)
module  8 transformer.h.2.attn.c_attn 2-bit: perplexity 62.1911 (48 s)
module  8 transformer.h.2.attn.c_attn 3-bit: perplexity 33.5548 (47 s)
module  8 transformer.h.2.attn.c_attn 4-bit: perplexity 32.5619 (50 s)
module  8 transformer.h.2.attn.c_attn 6-bit: perplexity 32.2345 (47 s)
module  8 transformer.h.2.attn.c_attn 8-bit: perplexity 32.2449 (53 s)
module  9 transformer.h.2.attn.c_proj 2-bit: perplexity 32.6291 (60 s)
module  9 transformer.h.2.attn.c_proj 3-bit: perplexity 32.3907 (52 s)
module  9 transformer.h.2.attn.c_proj 4-bit: perplexity 32.2536 (49 s)
module  9 transformer.h.2.attn.c_proj 6-bit: perplexity 32.2227 (47 s)
module  9 transformer.h.2.attn.c_proj 8-bit: perplexity 32.2359 (47 s)
module 10 transformer.h.2.mlp.c_fc 2-bit: perplexity 36.4944 (47 s)
module 10 transformer.h.2.mlp.c_fc 3-bit: perplexity 32.7383 (48 s)
module 10 transformer.h.2.mlp.c_fc 4-bit: perplexity 32.3234 (47 s)
module 10 transformer.h.2.mlp.c_fc 6-bit: perplexity 32.2537 (10847 s)
module 10 transformer.h.2.mlp.c_fc 8-bit: perplexity 32.2373 (863 s)
module 11 transformer.h.2.mlp.c_proj 2-bit: perplexity 139.5184 (65 s)
module 11 transformer.h.2.mlp.c_proj 3-bit: perplexity 32.7858 (51 s)
module 11 transformer.h.2.mlp.c_proj 4-bit: perplexity 32.3821 (59 s)
module 11 transformer.h.2.mlp.c_proj 6-bit: perplexity 32.2486 (51 s)
module 11 transformer.h.2.mlp.c_proj 8-bit: perplexity 32.2371 (61 s)
module 12 transformer.h.3.attn.c_attn 2-bit: perplexity 81.2288 (46 s)
module 12 transformer.h.3.attn.c_attn 3-bit: perplexity 33.6018 (45 s)
module 12 transformer.h.3.attn.c_attn 4-bit: perplexity 32.5673 (40 s)
module 12 transformer.h.3.attn.c_attn 6-bit: perplexity 32.2310 (43 s)
module 12 transformer.h.3.attn.c_attn 8-bit: perplexity 32.2312 (42 s)
module 13 transformer.h.3.attn.c_proj 2-bit: perplexity 32.5417 (42 s)
module 13 transformer.h.3.attn.c_proj 3-bit: perplexity 32.3494 (42 s)
module 13 transformer.h.3.attn.c_proj 4-bit: perplexity 32.2659 (42 s)
module 13 transformer.h.3.attn.c_proj 6-bit: perplexity 32.2362 (43 s)
module 13 transformer.h.3.attn.c_proj 8-bit: perplexity 32.2395 (40 s)
module 14 transformer.h.3.mlp.c_fc 2-bit: perplexity 34.7870 (40 s)
module 14 transformer.h.3.mlp.c_fc 3-bit: perplexity 32.4209 (40 s)
module 14 transformer.h.3.mlp.c_fc 4-bit: perplexity 32.2102 (53 s)
module 14 transformer.h.3.mlp.c_fc 6-bit: perplexity 32.2399 (58 s)
module 14 transformer.h.3.mlp.c_fc 8-bit: perplexity 32.2379 (44 s)
module 15 transformer.h.3.mlp.c_proj 2-bit: perplexity 34.0683 (60 s)
module 15 transformer.h.3.mlp.c_proj 3-bit: perplexity 32.5201 (44 s)
module 15 transformer.h.3.mlp.c_proj 4-bit: perplexity 32.3798 (47 s)
module 15 transformer.h.3.mlp.c_proj 6-bit: perplexity 32.2530 (41 s)
module 15 transformer.h.3.mlp.c_proj 8-bit: perplexity 32.2421 (49 s)
module 16 transformer.h.4.attn.c_attn 2-bit: perplexity 50.5379 (39 s)
module 16 transformer.h.4.attn.c_attn 3-bit: perplexity 33.1995 (40 s)
module 16 transformer.h.4.attn.c_attn 4-bit: perplexity 32.4324 (41 s)
module 16 transformer.h.4.attn.c_attn 6-bit: perplexity 32.2537 (40 s)
module 16 transformer.h.4.attn.c_attn 8-bit: perplexity 32.2344 (39 s)
module 17 transformer.h.4.attn.c_proj 2-bit: perplexity 33.1138 (40 s)
module 17 transformer.h.4.attn.c_proj 3-bit: perplexity 32.3935 (40 s)
module 17 transformer.h.4.attn.c_proj 4-bit: perplexity 32.2435 (41 s)
module 17 transformer.h.4.attn.c_proj 6-bit: perplexity 32.2443 (41 s)
module 17 transformer.h.4.attn.c_proj 8-bit: perplexity 32.2367 (39 s)
module 18 transformer.h.4.mlp.c_fc 2-bit: perplexity 35.8003 (41 s)
module 18 transformer.h.4.mlp.c_fc 3-bit: perplexity 32.6068 (39 s)
module 18 transformer.h.4.mlp.c_fc 4-bit: perplexity 32.3409 (39 s)
module 18 transformer.h.4.mlp.c_fc 6-bit: perplexity 32.2504 (39 s)
module 18 transformer.h.4.mlp.c_fc 8-bit: perplexity 32.2332 (41 s)
module 19 transformer.h.4.mlp.c_proj 2-bit: perplexity 33.8573 (41 s)
module 19 transformer.h.4.mlp.c_proj 3-bit: perplexity 32.4629 (41 s)
module 19 transformer.h.4.mlp.c_proj 4-bit: perplexity 32.3044 (40 s)
module 19 transformer.h.4.mlp.c_proj 6-bit: perplexity 32.2214 (2191 s)
module 19 transformer.h.4.mlp.c_proj 8-bit: perplexity 32.2359 (29 s)
module 20 transformer.h.5.attn.c_attn 2-bit: perplexity 49.7453 (31 s)
module 20 transformer.h.5.attn.c_attn 3-bit: perplexity 33.3354 (32 s)
module 20 transformer.h.5.attn.c_attn 4-bit: perplexity 32.4225 (35 s)
module 20 transformer.h.5.attn.c_attn 6-bit: perplexity 32.2719 (38 s)
module 20 transformer.h.5.attn.c_attn 8-bit: perplexity 32.2246 (40 s)
module 21 transformer.h.5.attn.c_proj 2-bit: perplexity 33.3734 (39 s)
module 21 transformer.h.5.attn.c_proj 3-bit: perplexity 32.3547 (55 s)
module 21 transformer.h.5.attn.c_proj 4-bit: perplexity 32.2281 (41 s)
module 21 transformer.h.5.attn.c_proj 6-bit: perplexity 32.2340 (39 s)
module 21 transformer.h.5.attn.c_proj 8-bit: perplexity 32.2426 (38 s)
module 22 transformer.h.5.mlp.c_fc 2-bit: perplexity 35.2500 (40 s)
module 22 transformer.h.5.mlp.c_fc 3-bit: perplexity 32.9298 (44 s)
module 22 transformer.h.5.mlp.c_fc 4-bit: perplexity 32.3019 (41 s)
module 22 transformer.h.5.mlp.c_fc 6-bit: perplexity 32.2544 (42 s)
module 22 transformer.h.5.mlp.c_fc 8-bit: perplexity 32.2409 (39 s)
module 23 transformer.h.5.mlp.c_proj 2-bit: perplexity 33.9484 (43 s)
module 23 transformer.h.5.mlp.c_proj 3-bit: perplexity 32.5502 (61 s)
module 23 transformer.h.5.mlp.c_proj 4-bit: perplexity 32.2996 (42 s)
module 23 transformer.h.5.mlp.c_proj 6-bit: perplexity 32.2260 (38 s)
module 23 transformer.h.5.mlp.c_proj 8-bit: perplexity 32.2322 (39 s)
module 24 transformer.h.6.attn.c_attn 2-bit: perplexity 50.8405 (41 s)
module 24 transformer.h.6.attn.c_attn 3-bit: perplexity 33.2912 (46 s)
module 24 transformer.h.6.attn.c_attn 4-bit: perplexity 32.4053 (45 s)
module 24 transformer.h.6.attn.c_attn 6-bit: perplexity 32.2350 (43 s)
module 24 transformer.h.6.attn.c_attn 8-bit: perplexity 32.2483 (43 s)
module 25 transformer.h.6.attn.c_proj 2-bit: perplexity 32.6563 (42 s)
module 25 transformer.h.6.attn.c_proj 3-bit: perplexity 32.3145 (38 s)
module 25 transformer.h.6.attn.c_proj 4-bit: perplexity 32.2341 (36 s)
module 25 transformer.h.6.attn.c_proj 6-bit: perplexity 32.2464 (36 s)
module 25 transformer.h.6.attn.c_proj 8-bit: perplexity 32.2407 (38 s)
module 26 transformer.h.6.mlp.c_fc 2-bit: perplexity 35.4611 (38 s)
module 26 transformer.h.6.mlp.c_fc 3-bit: perplexity 32.8793 (38 s)
module 26 transformer.h.6.mlp.c_fc 4-bit: perplexity 32.4032 (38 s)
module 26 transformer.h.6.mlp.c_fc 6-bit: perplexity 32.2486 (56 s)
module 26 transformer.h.6.mlp.c_fc 8-bit: perplexity 32.2394 (41 s)
module 27 transformer.h.6.mlp.c_proj 2-bit: perplexity 34.0718 (41 s)
module 27 transformer.h.6.mlp.c_proj 3-bit: perplexity 32.3616 (45 s)
module 27 transformer.h.6.mlp.c_proj 4-bit: perplexity 32.2953 (46 s)
module 27 transformer.h.6.mlp.c_proj 6-bit: perplexity 32.2223 (41 s)
module 27 transformer.h.6.mlp.c_proj 8-bit: perplexity 32.2383 (60 s)
module 28 transformer.h.7.attn.c_attn 2-bit: perplexity 40.5391 (51 s)
module 28 transformer.h.7.attn.c_attn 3-bit: perplexity 33.1669 (48 s)
module 28 transformer.h.7.attn.c_attn 4-bit: perplexity 32.3836 (58 s)
module 28 transformer.h.7.attn.c_attn 6-bit: perplexity 32.2471 (88 s)
module 28 transformer.h.7.attn.c_attn 8-bit: perplexity 32.2328 (79 s)
module 29 transformer.h.7.attn.c_proj 2-bit: perplexity 32.7971 (79 s)
module 29 transformer.h.7.attn.c_proj 3-bit: perplexity 32.2729 (47 s)
module 29 transformer.h.7.attn.c_proj 4-bit: perplexity 32.2629 (44 s)
module 29 transformer.h.7.attn.c_proj 6-bit: perplexity 32.2345 (41 s)
module 29 transformer.h.7.attn.c_proj 8-bit: perplexity 32.2370 (49 s)
module 30 transformer.h.7.mlp.c_fc 2-bit: perplexity 34.5561 (49 s)
module 30 transformer.h.7.mlp.c_fc 3-bit: perplexity 32.5083 (42 s)
module 30 transformer.h.7.mlp.c_fc 4-bit: perplexity 32.3041 (40 s)
module 30 transformer.h.7.mlp.c_fc 6-bit: perplexity 32.2537 (41 s)
module 30 transformer.h.7.mlp.c_fc 8-bit: perplexity 32.2367 (40 s)
module 31 transformer.h.7.mlp.c_proj 2-bit: perplexity 34.1346 (40 s)
module 31 transformer.h.7.mlp.c_proj 3-bit: perplexity 32.4393 (42 s)
module 31 transformer.h.7.mlp.c_proj 4-bit: perplexity 32.3078 (42 s)
module 31 transformer.h.7.mlp.c_proj 6-bit: perplexity 32.2635 (50 s)
module 31 transformer.h.7.mlp.c_proj 8-bit: perplexity 32.2359 (46 s)
module 32 transformer.h.8.attn.c_attn 2-bit: perplexity 38.2719 (49 s)
module 32 transformer.h.8.attn.c_attn 3-bit: perplexity 33.0972 (47 s)
module 32 transformer.h.8.attn.c_attn 4-bit: perplexity 32.4623 (45 s)
module 32 transformer.h.8.attn.c_attn 6-bit: perplexity 32.2492 (48 s)
module 32 transformer.h.8.attn.c_attn 8-bit: perplexity 32.2390 (61 s)
module 33 transformer.h.8.attn.c_proj 2-bit: perplexity 32.6166 (55 s)
module 33 transformer.h.8.attn.c_proj 3-bit: perplexity 32.2576 (49 s)
module 33 transformer.h.8.attn.c_proj 4-bit: perplexity 32.2648 (49 s)
module 33 transformer.h.8.attn.c_proj 6-bit: perplexity 32.2348 (51 s)
module 33 transformer.h.8.attn.c_proj 8-bit: perplexity 32.2395 (38 s)
module 34 transformer.h.8.mlp.c_fc 2-bit: perplexity 34.0909 (42 s)
module 34 transformer.h.8.mlp.c_fc 3-bit: perplexity 32.4606 (40 s)
module 34 transformer.h.8.mlp.c_fc 4-bit: perplexity 32.3271 (39 s)
module 34 transformer.h.8.mlp.c_fc 6-bit: perplexity 32.2183 (38 s)
module 34 transformer.h.8.mlp.c_fc 8-bit: perplexity 32.2345 (39 s)
module 35 transformer.h.8.mlp.c_proj 2-bit: perplexity 33.3693 (40 s)
module 35 transformer.h.8.mlp.c_proj 3-bit: perplexity 32.2703 (40 s)
module 35 transformer.h.8.mlp.c_proj 4-bit: perplexity 32.2169 (39 s)
module 35 transformer.h.8.mlp.c_proj 6-bit: perplexity 32.2506 (40 s)
module 35 transformer.h.8.mlp.c_proj 8-bit: perplexity 32.2431 (41 s)
module 36 transformer.h.9.attn.c_attn 2-bit: perplexity 35.6246 (41 s)
module 36 transformer.h.9.attn.c_attn 3-bit: perplexity 32.5114 (40 s)
module 36 transformer.h.9.attn.c_attn 4-bit: perplexity 32.3321 (40 s)
module 36 transformer.h.9.attn.c_attn 6-bit: perplexity 32.2419 (41 s)
module 36 transformer.h.9.attn.c_attn 8-bit: perplexity 32.2388 (39 s)
module 37 transformer.h.9.attn.c_proj 2-bit: perplexity 32.7540 (41 s)
module 37 transformer.h.9.attn.c_proj 3-bit: perplexity 32.3348 (39 s)
module 37 transformer.h.9.attn.c_proj 4-bit: perplexity 32.2534 (39 s)
module 37 transformer.h.9.attn.c_proj 6-bit: perplexity 32.2401 (39 s)
module 37 transformer.h.9.attn.c_proj 8-bit: perplexity 32.2383 (39 s)
module 38 transformer.h.9.mlp.c_fc 2-bit: perplexity 33.9302 (39 s)
module 38 transformer.h.9.mlp.c_fc 3-bit: perplexity 32.4444 (42 s)
module 38 transformer.h.9.mlp.c_fc 4-bit: perplexity 32.2847 (38 s)
module 38 transformer.h.9.mlp.c_fc 6-bit: perplexity 32.2447 (37 s)
module 38 transformer.h.9.mlp.c_fc 8-bit: perplexity 32.2362 (37 s)
module 39 transformer.h.9.mlp.c_proj 2-bit: perplexity 33.5067 (65 s)
module 39 transformer.h.9.mlp.c_proj 3-bit: perplexity 32.6125 (75 s)
module 39 transformer.h.9.mlp.c_proj 4-bit: perplexity 32.3140 (48 s)
module 39 transformer.h.9.mlp.c_proj 6-bit: perplexity 32.2403 (46 s)
module 39 transformer.h.9.mlp.c_proj 8-bit: perplexity 32.2369 (49 s)
module 40 transformer.h.10.attn.c_attn 2-bit: perplexity 34.7240 (55 s)
module 40 transformer.h.10.attn.c_attn 3-bit: perplexity 32.5715 (55 s)
module 40 transformer.h.10.attn.c_attn 4-bit: perplexity 32.2196 (47 s)
module 40 transformer.h.10.attn.c_attn 6-bit: perplexity 32.2329 (48 s)
module 40 transformer.h.10.attn.c_attn 8-bit: perplexity 32.2382 (53 s)
module 41 transformer.h.10.attn.c_proj 2-bit: perplexity 32.7163 (52 s)
module 41 transformer.h.10.attn.c_proj 3-bit: perplexity 32.3629 (54 s)
module 41 transformer.h.10.attn.c_proj 4-bit: perplexity 32.2477 (55 s)
module 41 transformer.h.10.attn.c_proj 6-bit: perplexity 32.2394 (50 s)
module 41 transformer.h.10.attn.c_proj 8-bit: perplexity 32.2372 (46 s)
module 42 transformer.h.10.mlp.c_fc 2-bit: perplexity 33.3322 (48 s)
module 42 transformer.h.10.mlp.c_fc 3-bit: perplexity 32.4263 (47 s)
module 42 transformer.h.10.mlp.c_fc 4-bit: perplexity 32.3210 (50 s)
module 42 transformer.h.10.mlp.c_fc 6-bit: perplexity 32.2445 (49 s)
module 42 transformer.h.10.mlp.c_fc 8-bit: perplexity 32.2434 (49 s)
module 43 transformer.h.10.mlp.c_proj 2-bit: perplexity 34.1539 (44 s)
module 43 transformer.h.10.mlp.c_proj 3-bit: perplexity 32.1758 (44 s)
module 43 transformer.h.10.mlp.c_proj 4-bit: perplexity 32.2912 (45 s)
module 43 transformer.h.10.mlp.c_proj 6-bit: perplexity 32.2234 (43 s)
module 43 transformer.h.10.mlp.c_proj 8-bit: perplexity 32.2384 (43 s)
module 44 transformer.h.11.attn.c_attn 2-bit: perplexity 35.4695 (48 s)
module 44 transformer.h.11.attn.c_attn 3-bit: perplexity 32.4235 (49 s)
module 44 transformer.h.11.attn.c_attn 4-bit: perplexity 32.3960 (42 s)
module 44 transformer.h.11.attn.c_attn 6-bit: perplexity 32.2449 (47 s)
module 44 transformer.h.11.attn.c_attn 8-bit: perplexity 32.2361 (41 s)
module 45 transformer.h.11.attn.c_proj 2-bit: perplexity 32.6589 (40 s)
module 45 transformer.h.11.attn.c_proj 3-bit: perplexity 32.4172 (40 s)
module 45 transformer.h.11.attn.c_proj 4-bit: perplexity 32.2504 (39 s)
module 45 transformer.h.11.attn.c_proj 6-bit: perplexity 32.2293 (39 s)
module 45 transformer.h.11.attn.c_proj 8-bit: perplexity 32.2375 (40 s)
module 46 transformer.h.11.mlp.c_fc 2-bit: perplexity 34.3013 (40 s)
module 46 transformer.h.11.mlp.c_fc 3-bit: perplexity 32.6373 (44 s)
module 46 transformer.h.11.mlp.c_fc 4-bit: perplexity 32.3753 (46 s)
module 46 transformer.h.11.mlp.c_fc 6-bit: perplexity 32.2554 (41 s)
module 46 transformer.h.11.mlp.c_fc 8-bit: perplexity 32.2398 (39 s)
module 47 transformer.h.11.mlp.c_proj 2-bit: perplexity 33.8615 (41 s)
module 47 transformer.h.11.mlp.c_proj 3-bit: perplexity 32.6367 (39 s)
module 47 transformer.h.11.mlp.c_proj 4-bit: perplexity 32.3210 (39 s)
module 47 transformer.h.11.mlp.c_proj 6-bit: perplexity 32.2156 (38 s)
module 47 transformer.h.11.mlp.c_proj 8-bit: perplexity 32.2348 (38 s)
pair same_block/different_type 32,34: perplexity 33.3705 (40 s)
pair same_block/different_type 34,35: perplexity 32.4898 (41 s)
pair same_block/different_type 2,3: perplexity 33.8014 (39 s)
pair same_block/different_type 21,22: perplexity 33.0621 (39 s)
pair same_block/different_type 42,43: perplexity 32.4016 (40 s)
pair same_block/different_type 40,43: perplexity 32.5183 (39 s)
pair same_block/different_type 33,34: perplexity 32.4718 (38 s)
pair same_block/different_type 24,27: perplexity 33.4391 (39 s)
pair same_block/different_type 40,42: perplexity 32.7566 (38 s)
pair same_block/different_type 13,15: perplexity 32.6198 (39 s)
pair same_block/different_type 24,26: perplexity 34.0892 (42 s)
pair same_block/different_type 37,38: perplexity 32.5441 (47 s)
pair same_block/different_type 37,39: perplexity 32.7140 (43 s)
pair same_block/different_type 8,10: perplexity 34.4004 (38 s)
pair same_block/different_type 20,23: perplexity 33.7176 (39 s)
pair same_block/different_type 4,7: perplexity 33.2922 (38 s)
pair same_block/different_type 12,13: perplexity 33.8666 (48 s)
pair same_block/different_type 36,39: perplexity 32.8895 (50 s)
pair same_block/different_type 32,33: perplexity 33.2108 (50 s)
pair same_block/different_type 4,5: perplexity 32.7353 (52 s)
pair adjacent/same_type 39,43: perplexity 32.5569 (57 s)
pair adjacent/same_type 16,20: perplexity 34.5780 (65 s)
pair adjacent/same_type 34,38: perplexity 32.6767 (55 s)
pair adjacent/same_type 38,42: perplexity 32.6314 (42 s)
pair adjacent/same_type 9,13: perplexity 32.4974 (44 s)
pair adjacent/same_type 19,23: perplexity 32.7849 (44 s)
pair adjacent/same_type 6,10: perplexity 33.1405 (48 s)
pair adjacent/same_type 4,8: perplexity 33.9490 (49 s)
pair adjacent/same_type 21,25: perplexity 32.4186 (46 s)
pair adjacent/same_type 30,34: perplexity 32.7374 (43 s)
pair adjacent/different_type 8,14: perplexity 33.9975 (51 s)
pair adjacent/different_type 30,32: perplexity 33.3519 (42 s)
pair adjacent/different_type 37,40: perplexity 32.6660 (41 s)
pair adjacent/different_type 26,31: perplexity 33.0991 (41 s)
pair adjacent/different_type 17,22: perplexity 33.1050 (41 s)
pair adjacent/different_type 40,47: perplexity 32.9793 (45 s)
pair adjacent/different_type 37,43: perplexity 32.2634 (43 s)
pair adjacent/different_type 22,24: perplexity 33.9511 (42 s)
pair adjacent/different_type 5,8: perplexity 33.6396 (41 s)
pair adjacent/different_type 1,4: perplexity 32.6788 (41 s)
pair distant/same_type 2,46: perplexity 33.1093 (42 s)
pair distant/same_type 15,43: perplexity 32.4586 (43 s)
pair distant/same_type 0,16: perplexity 33.4900 (42 s)
pair distant/same_type 22,38: perplexity 33.1473 (48 s)
pair distant/same_type 12,32: perplexity 34.4827 (46 s)
pair distant/same_type 8,32: perplexity 34.4773 (40 s)
pair distant/same_type 11,47: perplexity 33.2076 (40 s)
pair distant/same_type 2,18: perplexity 33.0615 (40 s)
pair distant/same_type 6,30: perplexity 32.8287 (39 s)
pair distant/same_type 7,35: perplexity 32.8500 (40 s)
pair distant/different_type 5,27: perplexity 32.4850 (40 s)
pair distant/different_type 26,44: perplexity 33.0641 (40 s)
pair distant/different_type 3,16: perplexity 33.8618 (41 s)
pair distant/different_type 13,43: perplexity 32.2866 (40 s)
pair distant/different_type 10,41: perplexity 32.8560 (40 s)
pair distant/different_type 1,46: perplexity 32.6961 (39 s)
pair distant/different_type 1,39: perplexity 32.6806 (41 s)
pair distant/different_type 7,25: perplexity 32.8851 (40 s)
pair distant/different_type 12,39: perplexity 34.0094 (40 s)
pair distant/different_type 11,45: perplexity 33.0000 (41 s)
allocation 3-bit #0: perplexity 1127.0707 (40 s)
allocation 3-bit #1: perplexity 2399.1878 (40 s)
allocation 3-bit #2: perplexity 1977.4025 (39 s)
allocation 3-bit #3: perplexity 2943.7822 (39 s)
allocation 3-bit #4: perplexity 1140.0844 (39 s)
allocation 3-bit #5: perplexity 860.2270 (39 s)
allocation 3-bit #6: perplexity 2804.4554 (40 s)
allocation 3-bit #7: perplexity 915.1810 (39 s)
allocation 3-bit #8: perplexity 2435.6907 (40 s)
allocation 3-bit #9: perplexity 4708.6568 (38 s)
allocation 4-bit #0: perplexity 1371.3141 (40 s)
allocation 4-bit #1: perplexity 971.1199 (39 s)
allocation 4-bit #2: perplexity 272.4640 (39 s)
allocation 4-bit #3: perplexity 385.7530 (39 s)
allocation 4-bit #4: perplexity 188.4778 (40 s)
allocation 4-bit #5: perplexity 1894.6337 (39 s)
allocation 4-bit #6: perplexity 1917.8816 (38 s)
allocation 4-bit #7: perplexity 96.2357 (39 s)
allocation 4-bit #8: perplexity 461.1407 (39 s)
allocation 4-bit #9: perplexity 225.2287 (39 s)
power throttling disabled: True
sleep blocked: True
Loading weights:   0%|          | 0/148 [00:00<?, ?it/s]Loading weights:  10%|█         | 15/148 [00:00<00:00, 142.35it/s]Loading weights:  31%|███       | 46/148 [00:00<00:00, 228.27it/s]Loading weights:  79%|███████▉  | 117/148 [00:00<00:00, 358.78it/s]Loading weights: 100%|██████████| 148/148 [00:01<00:00, 100.92it/s]
near allocation 3-bit uniform (0 moves): perplexity 166.3700 (57 s)
near allocation 3-bit #0 (2 moves): perplexity 254.1570 (64 s)
